
> web@0.1.0 dev
> next dev -p 4000

▲ Next.js 16.2.4 (Turbopack)
- Local:         http://localhost:4000
- Network:       http://192.168.0.2:4000
✓ Ready in 1295ms

 HEAD / 200 in 592ms (next.js: 346ms, application-code: 246ms)
 GET / 200 in 87ms (next.js: 8ms, application-code: 79ms)
 GET / 200 in 118ms (next.js: 8ms, application-code: 110ms)
 GET /search?q=dune&country=US 200 in 255ms (next.js: 135ms, application-code: 120ms)
 GET / 200 in 64ms (next.js: 4ms, application-code: 60ms)
 GET /search?q=dune&country=GB 200 in 34ms (next.js: 4ms, application-code: 30ms)
 GET /search?q=dune&country=US 200 in 156ms (next.js: 4ms, application-code: 152ms)
 GET / 200 in 35ms (next.js: 5ms, application-code: 30ms)
 GET /search?q=dune&country=US 200 in 152ms (next.js: 8ms, application-code: 144ms)
 GET /title/tmdb_movie_693134?country=US 200 in 1036ms (next.js: 980ms, application-code: 55ms)
 GET / 200 in 116ms (next.js: 9ms, application-code: 107ms)
 GET / 200 in 66ms (next.js: 3ms, application-code: 63ms)
 GET /search?q=%3Cscript%3Ewindow.__xss%3D1%3C%2Fscript%3E&country=US 200 in 81ms (next.js: 6ms, application-code: 75ms)
 GET / 200 in 81ms (next.js: 6ms, application-code: 75ms)
 GET /search?q=%3Cimg+src%3Dx+onerror%3D%22window.__xss%3D1%22%3E&country=US 200 in 41ms (next.js: 5ms, application-code: 36ms)
 GET / 200 in 71ms (next.js: 5ms, application-code: 66ms)
 GET /search?q=%27+OR+%271%27%3D%271&country=US 200 in 52ms (next.js: 5ms, application-code: 47ms)
 GET / 200 in 80ms (next.js: 3ms, application-code: 77ms)
 GET /search?q=%27%3B+DROP+TABLE+users%3B+--&country=US 200 in 83ms (next.js: 12ms, application-code: 71ms)
 GET /title/tmdb_movie_693134?country=US 200 in 123ms (next.js: 29ms, application-code: 94ms)
 GET /search?q=dune&country=US 200 in 60ms (next.js: 4ms, application-code: 57ms)
 GET /title/tmdb_movie_693134?country=US 200 in 53ms (next.js: 21ms, application-code: 32ms)
 GET /title/tmdb_movie_693134?country=US 200 in 73ms (next.js: 4ms, application-code: 69ms)
 GET /title/tmdb_invalid_id?country=US 200 in 70ms (next.js: 15ms, application-code: 55ms)
 GET /title/tmdb_movie_693134?country=US 200 in 71ms (next.js: 19ms, application-code: 52ms)
[browser] Error: Title not found
    at TitleDetail.useEffect (src/app/title/[id]/page.tsx:20:28)
  18 |     fetch(`${process.env.NEXT_PUBLIC_API_BASE_URL || 'http://localhost:9000'}/api/titles/$...
  19 |       .then(res => {
> 20 |         if (!res.ok) throw new Error('Title not found');
     |                            ^
  21 |         return res.json();
  22 |       })
  23 |       .then(data => { (src/app/title/[id]/page.tsx:28:17)
 GET /unknown-route-123 404 in 1938ms (next.js: 1866ms, application-code: 72ms)
 GET / 200 in 57ms (next.js: 5ms, application-code: 51ms)
 GET / 200 in 75ms (next.js: 3ms, application-code: 72ms)
 GET /search?q=dune&country=US 200 in 43ms (next.js: 3ms, application-code: 40ms)
 GET / 200 in 72ms (next.js: 4ms, application-code: 68ms)
 GET /search?q=dune&country=GB 200 in 38ms (next.js: 4ms, application-code: 34ms)
 GET /search?q=dune&country=US 200 in 51ms (next.js: 3ms, application-code: 48ms)
 GET / 200 in 99ms (next.js: 7ms, application-code: 92ms)
 GET /search?q=dune&country=US 200 in 55ms (next.js: 3ms, application-code: 52ms)
 GET /title/tmdb_movie_693134?country=US 200 in 56ms (next.js: 22ms, application-code: 34ms)
 GET / 200 in 63ms (next.js: 7ms, application-code: 57ms)
 GET / 200 in 107ms (next.js: 10ms, application-code: 97ms)
 GET /search?q=%3Cscript%3Ewindow.__xss%3D1%3C%2Fscript%3E&country=US 200 in 40ms (next.js: 7ms, application-code: 33ms)
 GET / 200 in 53ms (next.js: 3ms, application-code: 50ms)
 GET /search?q=%3Cimg+src%3Dx+onerror%3D%22window.__xss%3D1%22%3E&country=US 200 in 55ms (next.js: 6ms, application-code: 49ms)
 GET / 200 in 46ms (next.js: 3ms, application-code: 42ms)
 GET /search?q=%27+OR+%271%27%3D%271&country=US 200 in 37ms (next.js: 3ms, application-code: 34ms)
 GET / 200 in 43ms (next.js: 3ms, application-code: 40ms)
 GET /search?q=%27%3B+DROP+TABLE+users%3B+--&country=US 200 in 22ms (next.js: 3ms, application-code: 19ms)
 GET /title/tmdb_movie_693134?country=US 200 in 99ms (next.js: 20ms, application-code: 78ms)
 GET /search?q=dune&country=US 200 in 59ms (next.js: 3ms, application-code: 56ms)
 GET /title/tmdb_movie_693134?country=US 200 in 49ms (next.js: 20ms, application-code: 28ms)
 GET /title/tmdb_movie_693134?country=US 200 in 83ms (next.js: 4ms, application-code: 78ms)
 GET /title/tmdb_invalid_id?country=US 200 in 126ms (next.js: 21ms, application-code: 105ms)
 GET /title/tmdb_movie_693134?country=US 200 in 66ms (next.js: 21ms, application-code: 45ms)
[browser] Error: Title not found
    at TitleDetail.useEffect (src/app/title/[id]/page.tsx:20:28)
  18 |     fetch(`${process.env.NEXT_PUBLIC_API_BASE_URL || 'http://localhost:9000'}/api/titles/$...
  19 |       .then(res => {
> 20 |         if (!res.ok) throw new Error('Title not found');
     |                            ^
  21 |         return res.json();
  22 |       })
  23 |       .then(data => { (src/app/title/[id]/page.tsx:28:17)
 GET /unknown-route-123 404 in 58ms (next.js: 4ms, application-code: 54ms)
 GET / 200 in 100ms (next.js: 10ms, application-code: 90ms)
 GET / 200 in 73ms (next.js: 3ms, application-code: 70ms)
 GET /search?q=dune&country=US 200 in 43ms (next.js: 4ms, application-code: 38ms)
 GET / 200 in 95ms (next.js: 3ms, application-code: 92ms)
 GET /search?q=dune&country=GB 200 in 30ms (next.js: 3ms, application-code: 26ms)
 GET /search?q=dune&country=US 200 in 72ms (next.js: 3ms, application-code: 69ms)
 GET / 200 in 33ms (next.js: 3ms, application-code: 29ms)
 GET /search?q=dune&country=US 200 in 46ms (next.js: 3ms, application-code: 43ms)
 GET /title/tmdb_movie_693134?country=US 200 in 49ms (next.js: 20ms, application-code: 29ms)
 GET / 200 in 54ms (next.js: 4ms, application-code: 50ms)
 GET / 200 in 45ms (next.js: 3ms, application-code: 42ms)
 GET /search?q=%3Cscript%3Ewindow.__xss%3D1%3C%2Fscript%3E&country=US 200 in 31ms (next.js: 3ms, application-code: 27ms)
 GET / 200 in 52ms (next.js: 3ms, application-code: 49ms)
 GET /search?q=%3Cimg+src%3Dx+onerror%3D%22window.__xss%3D1%22%3E&country=US 200 in 28ms (next.js: 3ms, application-code: 25ms)
 GET / 200 in 51ms (next.js: 3ms, application-code: 48ms)
 GET /search?q=%27+OR+%271%27%3D%271&country=US 200 in 27ms (next.js: 3ms, application-code: 23ms)
 GET / 200 in 38ms (next.js: 3ms, application-code: 35ms)
 GET /search?q=%27%3B+DROP+TABLE+users%3B+--&country=US 200 in 24ms (next.js: 4ms, application-code: 20ms)
 GET /title/tmdb_movie_693134?country=US 200 in 96ms (next.js: 20ms, application-code: 76ms)
 GET /search?q=dune&country=US 200 in 70ms (next.js: 3ms, application-code: 67ms)
 GET /title/tmdb_movie_693134?country=US 200 in 59ms (next.js: 19ms, application-code: 39ms)
 GET /title/tmdb_movie_693134?country=US 200 in 52ms (next.js: 4ms, application-code: 48ms)
 GET /title/tmdb_invalid_id?country=US 200 in 100ms (next.js: 25ms, application-code: 75ms)
 GET /title/tmdb_movie_693134?country=US 200 in 87ms (next.js: 20ms, application-code: 67ms)
[browser] Error: Title not found
    at TitleDetail.useEffect (src/app/title/[id]/page.tsx:20:28)
  18 |     fetch(`${process.env.NEXT_PUBLIC_API_BASE_URL || 'http://localhost:9000'}/api/titles/$...
  19 |       .then(res => {
> 20 |         if (!res.ok) throw new Error('Title not found');
     |                            ^
  21 |         return res.json();
  22 |       })
  23 |       .then(data => { (src/app/title/[id]/page.tsx:28:17)
 GET /unknown-route-123 404 in 51ms (next.js: 6ms, application-code: 46ms)
 GET / 200 in 63ms (next.js: 5ms, application-code: 58ms)
 GET / 200 in 51ms (next.js: 2ms, application-code: 49ms)
 GET /search?q=dune&country=US 200 in 41ms (next.js: 3ms, application-code: 38ms)
 GET / 200 in 76ms (next.js: 3ms, application-code: 73ms)
 GET /search?q=dune&country=GB 200 in 29ms (next.js: 3ms, application-code: 26ms)
 GET /search?q=dune&country=US 200 in 69ms (next.js: 3ms, application-code: 66ms)
 GET / 200 in 24ms (next.js: 3ms, application-code: 20ms)
 GET /search?q=dune&country=US 200 in 48ms (next.js: 3ms, application-code: 45ms)
 GET /title/tmdb_movie_693134?country=US 200 in 55ms (next.js: 23ms, application-code: 32ms)
 GET / 200 in 74ms (next.js: 6ms, application-code: 68ms)
 GET / 200 in 54ms (next.js: 4ms, application-code: 50ms)
 GET /search?q=%3Cscript%3Ewindow.__xss%3D1%3C%2Fscript%3E&country=US 200 in 28ms (next.js: 3ms, application-code: 25ms)
 GET / 200 in 55ms (next.js: 3ms, application-code: 52ms)
 GET /search?q=%3Cimg+src%3Dx+onerror%3D%22window.__xss%3D1%22%3E&country=US 200 in 32ms (next.js: 4ms, application-code: 29ms)
 GET / 200 in 55ms (next.js: 3ms, application-code: 52ms)
 GET /search?q=%27+OR+%271%27%3D%271&country=US 200 in 29ms (next.js: 3ms, application-code: 26ms)
 GET / 200 in 43ms (next.js: 3ms, application-code: 40ms)
 GET /search?q=%27%3B+DROP+TABLE+users%3B+--&country=US 200 in 25ms (next.js: 3ms, application-code: 22ms)
 GET /title/tmdb_movie_693134?country=US 200 in 79ms (next.js: 19ms, application-code: 60ms)
 GET /search?q=dune&country=US 200 in 86ms (next.js: 4ms, application-code: 82ms)
 GET /title/tmdb_movie_693134?country=US 200 in 54ms (next.js: 20ms, application-code: 34ms)
 GET /title/tmdb_movie_693134?country=US 200 in 82ms (next.js: 5ms, application-code: 77ms)
 GET /title/tmdb_invalid_id?country=US 200 in 85ms (next.js: 21ms, application-code: 65ms)
[browser] Error: Title not found
    at TitleDetail.useEffect (src/app/title/[id]/page.tsx:20:28)
  18 |     fetch(`${process.env.NEXT_PUBLIC_API_BASE_URL || 'http://localhost:9000'}/api/titles/$...
  19 |       .then(res => {
> 20 |         if (!res.ok) throw new Error('Title not found');
     |                            ^
  21 |         return res.json();
  22 |       })
  23 |       .then(data => { (src/app/title/[id]/page.tsx:28:17)
 GET /title/tmdb_movie_693134?country=US 200 in 102ms (next.js: 28ms, application-code: 74ms)
[browser] Error: Title not found
    at TitleDetail.useEffect (src/app/title/[id]/page.tsx:20:28)
  18 |     fetch(`${process.env.NEXT_PUBLIC_API_BASE_URL || 'http://localhost:9000'}/api/titles/$...
  19 |       .then(res => {
> 20 |         if (!res.ok) throw new Error('Title not found');
     |                            ^
  21 |         return res.json();
  22 |       })
  23 |       .then(data => { (src/app/title/[id]/page.tsx:28:17)
 GET /unknown-route-123 404 in 77ms (next.js: 5ms, application-code: 72ms)
 HEAD / 200 in 845ms (next.js: 146ms, application-code: 699ms)
 GET / 200 in 206ms (next.js: 5ms, application-code: 201ms)
 GET / 200 in 113ms (next.js: 9ms, application-code: 103ms)
 GET /search?q=dune&country=US 200 in 61ms (next.js: 9ms, application-code: 52ms)
 GET / 200 in 62ms (next.js: 3ms, application-code: 59ms)
 GET /search?q=dune&country=GB 200 in 29ms (next.js: 3ms, application-code: 26ms)
 GET /search?q=dune&country=US 200 in 142ms (next.js: 3ms, application-code: 139ms)
 GET / 200 in 52ms (next.js: 9ms, application-code: 43ms)
 GET /search?q=dune&country=US 200 in 51ms (next.js: 4ms, application-code: 47ms)
 GET /title/tmdb_movie_693134?country=US 200 in 160ms (next.js: 127ms, application-code: 32ms)
 GET / 200 in 85ms (next.js: 3ms, application-code: 82ms)
 GET / 200 in 51ms (next.js: 3ms, application-code: 49ms)
 GET /search?q=%3Cscript%3Ewindow.__xss%3D1%3C%2Fscript%3E&country=US 200 in 27ms (next.js: 3ms, application-code: 24ms)
 GET / 200 in 57ms (next.js: 3ms, application-code: 55ms)
 GET /search?q=%3Cimg+src%3Dx+onerror%3D%22window.__xss%3D1%22%3E&country=US 200 in 41ms (next.js: 3ms, application-code: 37ms)
 GET / 200 in 49ms (next.js: 3ms, application-code: 46ms)
 GET /search?q=%27+OR+%271%27%3D%271&country=US 200 in 28ms (next.js: 3ms, application-code: 25ms)
 GET / 200 in 63ms (next.js: 2ms, application-code: 61ms)
 GET /search?q=%27%3B+DROP+TABLE+users%3B+--&country=US 200 in 24ms (next.js: 3ms, application-code: 21ms)
 GET /title/tmdb_movie_693134?country=US 200 in 85ms (next.js: 22ms, application-code: 63ms)
 GET /search?q=dune&country=US 200 in 55ms (next.js: 3ms, application-code: 53ms)
 GET /title/tmdb_movie_693134?country=US 200 in 54ms (next.js: 24ms, application-code: 30ms)
 GET /title/tmdb_movie_693134?country=US 200 in 64ms (next.js: 3ms, application-code: 62ms)
 GET /title/tmdb_invalid_id?country=US 200 in 85ms (next.js: 19ms, application-code: 66ms)
[browser] Error: Title not found
    at TitleDetail.useEffect (src/app/title/[id]/page.tsx:20:28)
  18 |     fetch(`${process.env.NEXT_PUBLIC_API_BASE_URL || 'http://localhost:9000'}/api/titles/$...
  19 |       .then(res => {
> 20 |         if (!res.ok) throw new Error('Title not found');
     |                            ^
  21 |         return res.json();
  22 |       })
  23 |       .then(data => { (src/app/title/[id]/page.tsx:28:17)
 GET /title/tmdb_movie_693134?country=US 200 in 83ms (next.js: 19ms, application-code: 64ms)
[browser] Error: Title not found
    at TitleDetail.useEffect (src/app/title/[id]/page.tsx:20:28)
  18 |     fetch(`${process.env.NEXT_PUBLIC_API_BASE_URL || 'http://localhost:9000'}/api/titles/$...
  19 |       .then(res => {
> 20 |         if (!res.ok) throw new Error('Title not found');
     |                            ^
  21 |         return res.json();
  22 |       })
  23 |       .then(data => { (src/app/title/[id]/page.tsx:28:17)
 GET /unknown-route-123 404 in 67ms (next.js: 10ms, application-code: 57ms)
